NoTargetOnTypeParameterDeclaration.java:40:11: compiler.err.annotation.type.not.applicable.to.type: NoTargetOnTypeParameterDeclaration.A
NoTargetOnTypeParameterDeclaration.java:41:6: compiler.err.annotation.type.not.applicable.to.type: NoTargetOnTypeParameterDeclaration.A
2 errors
