SerializableAbstractClassTest.java:28:27: compiler.warn.ineffectual.serial.field.interface: serialVersionUID
SerializableAbstractClassTest.java:8:10: compiler.warn.missing.SVUID: SerializableAbstractClassTest
- compiler.err.warnings.and.werror
1 error
2 warnings
