NonExportedPermittedTypes.java:41:9: compiler.err.not.exhaustive.statement
1 error
