PatternVariablesAreNonFinal.java:38:40: compiler.err.cant.ref.non.effectively.final.var: s, (compiler.misc.inner.cls)
- compiler.note.preview.filename: PatternVariablesAreNonFinal.java
- compiler.note.preview.recompile
1 error
