RawTypeBindingWarning.java:10:29: compiler.warn.raw.class.use: RawTypeBindingWarning, RawTypeBindingWarning<T>
RawTypeBindingWarning.java:14:18: compiler.warn.raw.class.use: RawTypeBindingWarning, RawTypeBindingWarning<T>
RawTypeBindingWarning.java:18:19: compiler.warn.raw.class.use: RawTypeBindingWarning, RawTypeBindingWarning<T>
RawTypeBindingWarning.java:22:18: compiler.warn.raw.class.use: RawTypeBindingWarning, RawTypeBindingWarning<T>
4 warnings