ReifiableOld.java:13:37: compiler.err.illegal.generic.type.for.instof
ReifiableOld.java:14:38: compiler.err.illegal.generic.type.for.instof
ReifiableOld.java:15:38: compiler.err.illegal.generic.type.for.instof
ReifiableOld.java:16:38: compiler.err.illegal.generic.type.for.instof
ReifiableOld.java:16:39: compiler.err.not.within.bounds: java.lang.String, T
ReifiableOld.java:17:39: compiler.err.illegal.generic.type.for.instof
6 errors
