CrashEmptyEnumConstructorTest.java:11:5: compiler.err.missing.meth.body.or.decl.abstract
1 error
