visitDerivedInstance start
r with {
    val1 = "a";
    val2 = -1;
}
r with {
            val1 = "a";
            val2 = -1;
        }
val1
val2
visitDerivedInstance end
- compiler.note.preview.filename: WithExpressions.java, DEFAULT
- compiler.note.preview.recompile
