StoreClass.java:12:19: compiler.err.cant.assign.val.to.var: final, class
StoreClass.java:13:12: compiler.err.cant.assign.val.to.var: final, class
2 errors
