T8305582.java:48:26: compiler.err.restricted.type.not.allowed.here: var
T8305582.java:38:39: compiler.err.deconstruction.pattern.var.not.allowed
T8305582.java:41:31: compiler.err.deconstruction.pattern.var.not.allowed
T8305582.java:46:39: compiler.err.deconstruction.pattern.var.not.allowed
T8305582.java:47:39: compiler.err.deconstruction.pattern.var.not.allowed
- compiler.note.preview.filename: T8305582.java, DEFAULT
- compiler.note.preview.recompile
5 errors