InstanceField.java:17:20: compiler.warn.non.serializable.instance.field
1 warning
