InterfaceFields.java:10:30: compiler.warn.ineffectual.serial.field.interface: serialVersionUID
InterfaceFields.java:12:45: compiler.warn.ineffectual.serial.field.interface: serialPersistentFields
2 warnings
