DeclarationAnnotation.java:17:21: compiler.err.annotation.type.not.applicable.to.type: DA
DeclarationAnnotation.java:14:21: compiler.err.annotation.type.not.applicable.to.type: DA
DeclarationAnnotation.java:15:21: compiler.err.annotation.type.not.applicable.to.type: DA
DeclarationAnnotation.java:16:21: compiler.err.annotation.type.not.applicable.to.type: DA
4 errors
