InvalidName.java:17: error: invalid name for anchor: "foo()"
 * <a id="foo()">invalid</a>
      ^
1 error
