T8257037.java:32:42: compiler.warn.has.been.deprecated: <T>T8257037_GenericClass(), T8257037_GenericClass
1 warning
