T8255968_12.java:25:29: compiler.err.prob.found.req: (compiler.misc.invalid.mref: kindname.constructor, (compiler.misc.cant.apply.symbols: kindname.constructor, Test, int,{(compiler.misc.inapplicable.method: kindname.constructor, Test, Test(int), (compiler.misc.report.access: Test(int), private, Test)),(compiler.misc.inapplicable.method: kindname.constructor, Test, Test(java.lang.String), (compiler.misc.no.conforming.assignment.exists: (compiler.misc.inconvertible.types: int, java.lang.String)))}))
1 error
