T8255968_11.java:25:29: compiler.err.prob.found.req: (compiler.misc.invalid.mref: kindname.constructor, (compiler.misc.cant.apply.symbol: kindname.constructor, Test, java.lang.String, int, kindname.class, Test, (compiler.misc.no.conforming.assignment.exists: (compiler.misc.inconvertible.types: int, java.lang.String))))
1 error
