T8255968_6.java:25:14: compiler.err.cant.apply.symbols: kindname.constructor, Test, int,{(compiler.misc.inapplicable.method: kindname.constructor, Test, Test(java.lang.String), (compiler.misc.no.conforming.assignment.exists: (compiler.misc.inconvertible.types: int, java.lang.String))),(compiler.misc.inapplicable.method: kindname.constructor, Test, Test(int), (compiler.misc.report.access: Test(int), private, Test)),(compiler.misc.inapplicable.method: kindname.constructor, Test, Test(int[]), (compiler.misc.no.conforming.assignment.exists: (compiler.misc.inconvertible.types: int, int[])))}
1 error
