T8255968_1.java:25:14: compiler.err.report.access: Test(int), private, Test
1 error
