T8255968_10.java:25:29: compiler.err.prob.found.req: (compiler.misc.invalid.mref: kindname.constructor, (compiler.misc.report.access: Test(int), private, Test))
1 error
