PrivateMethodReferenceWithTypeVarTest.java:24:16: compiler.err.invalid.mref: kindname.method, (compiler.misc.cant.resolve.location.args: kindname.method, asString, , T, (compiler.misc.location: kindname.type.variable.bound, T, null))
PrivateMethodReferenceWithTypeVarTest.java:28:16: compiler.err.invalid.mref: kindname.method, (compiler.misc.cant.resolve.location.args: kindname.method, asString2, , T, (compiler.misc.location: kindname.type.variable.bound, T, null))
PrivateMethodReferenceWithTypeVarTest.java:32:16: compiler.err.invalid.mref: kindname.method, (compiler.misc.cant.resolve.location.args: kindname.method, asString2, , java.lang.Object, (compiler.misc.location: kindname.type.variable.bound, compiler.misc.type.captureof: 1, ? extends PrivateMethodReferenceWithTypeVarTest, null))
3 errors
